\doxysection{wjr\+::expected\+\_\+detail\+::is\+\_\+not\+\_\+expected\texorpdfstring{$<$}{<} T \texorpdfstring{$>$}{>} 模板结构体 参考}
\hypertarget{structwjr_1_1expected__detail_1_1is__not__expected}{}\label{structwjr_1_1expected__detail_1_1is__not__expected}\index{wjr::expected\_detail::is\_not\_expected$<$ T $>$@{wjr::expected\_detail::is\_not\_expected$<$ T $>$}}


{\ttfamily \#include $<$expected.\+hpp$>$}



类 wjr\+::expected\+\_\+detail\+::is\+\_\+not\+\_\+expected\texorpdfstring{$<$}{<} T \texorpdfstring{$>$}{>} 继承关系图\+:\nopagebreak
\begin{figure}[H]
\begin{center}
\leavevmode
\includegraphics[width=190pt]{structwjr_1_1expected__detail_1_1is__not__expected__inherit__graph}
\end{center}
\end{figure}


wjr\+::expected\+\_\+detail\+::is\+\_\+not\+\_\+expected\texorpdfstring{$<$}{<} T \texorpdfstring{$>$}{>} 的协作图\+:\nopagebreak
\begin{figure}[H]
\begin{center}
\leavevmode
\includegraphics[width=190pt]{structwjr_1_1expected__detail_1_1is__not__expected__coll__graph}
\end{center}
\end{figure}


该结构体的文档由以下文件生成\+:\begin{DoxyCompactItemize}
\item 
include/wjr/\mbox{\hyperlink{expected_8hpp}{expected.\+hpp}}\end{DoxyCompactItemize}
